ice(  114): releaseWifiLockLocked: WifiLock{NetworkLocationLocator type=2 binder=android.os.BinderProxy@45d72938}
12-18 09:43:26.583 D/WifiService(  114): acquireWifiLockLocked: WifiLock{NetworkLocationLocator type=2 binder=android.os.BinderProxy@45d72938}
12-18 09:43:26.673 D/WifiService(  114): releaseWifiLockLocked: WifiLock{NetworkLocationLocator type=2 binder=android.os.BinderProxy@45d72938}
12-18 09:44:26.613 D/WifiService(  114): acquireWifiLockLocked: WifiLock{NetworkLocationLocator type=2 binder=android.os.BinderProxy@45d72938}
12-18 09:44:26.723 D/WifiService(  114): releaseWifiLockLocked: WifiLock{NetworkLocationLocator type=2 binder=android.os.BinderProxy@45d72938}
12-18 09:45:26.633 D/WifiService(  114): acquireWifiLockLocked: WifiLock{NetworkLocationLocator type=2 binder=android.os.BinderProxy@45d72938}
12-18 09:45:26.753 D/WifiService(  114): releaseWifiLockLocked: WifiLock{NetworkLocationLocator type=2 binder=android.os.BinderProxy@45d72938}
12-18 09:46:26.656 D/WifiService(  114): acquireWifiLockLocked: WifiLock{NetworkLocationLocator type=2 binder=android.os.BinderProxy@45d72938}
12-18 09:46:26.746 D/WifiService(  114): releaseWifiLockLocked: WifiLock{NetworkLocationLocator type=2 binder=android.os.BinderProxy@45d72938}
12-18 09:47:26.676 D/WifiService(  114): acquireWifiLockLocked: WifiLock{NetworkLocationLocator type=2 binder=android.os.BinderProxy@45d72938}
12-18 09:47:26.766 D/WifiService(  114): releaseWifiLockLocked: WifiLock{NetworkLocationLocator type=2 binder=android.os.BinderProxy@45d72938}
12-18 09:48:26.706 D/WifiService(  114): acquireWifiLockLocked: WifiLock{NetworkLocationLocator type=2 binder=android.os.BinderProxy@45d72938}
12-18 09:48:26.856 D/WifiService(  114): releaseWifiLockLocked: WifiLock{NetworkLocationLocator type=2 binder=android.os.BinderProxy@45d72938}
12-18 09:49:26.726 D/WifiService(  114): acquireWifiLockLocked: WifiLock{NetworkLocationLocator type=2 binder=android.os.BinderProxy@45d72938}
12-18 09:49:26.826 D/WifiService(  114): releaseWifiLockLocked: WifiLock{NetworkLocationLocator type=2 binder=android.os.BinderProxy@45d72938}
12-18 09:50:26.749 D/WifiService(  114): acquireWifiLockLocked: WifiLock{NetworkLocationLocator type=2 binder=android.os.BinderProxy@45d72938}
12-18 09:50:26.819 D/WifiService(  114): releaseWifiLockLocked: WifiLock{NetworkLocationLocator type=2 binder=android.os.BinderProxy@45d72938}
12-18 09:51:26.769 D/WifiService(  114): acquireWifiLockLocked: WifiLock{NetworkLocationLocator type=2 binder=android.os.BinderProxy@45d72938}
12-18 09:51:26.869 D/WifiService(  114): releaseWifiLockLocked: WifiLock{NetworkLocationLocator type=2 binder=android.os.BinderProxy@45d72938}
12-18 09:52:26.799 D/WifiService(  114): acquireWifiLockLocked: WifiLock{NetworkLocationLocator type=2 binder=android.os.BinderProxy@45d72938}
12-18 09:52:27.249 D/WifiService(  114): releaseWifiLockLocked: WifiLock{NetworkLocationLocator type=2 binder=android.os.BinderProxy@45d72938}
12-18 09:53:18.094 W/InputManagerService(  114): Window already focused, ignoring focus gain of: com.android.internal.view.IInputMethodClient$Stub$Proxy@45d65690
12-18 09:53:18.994 I/ActivityManager(  114): Starting activity: Intent { act=android.intent.action.MAIN cat=[android.intent.category.HOME] flg=0x10200000 cmp=com.android.launcher/com.android.launcher2.Launcher }
12-18 09:53:19.044 W/InputManagerService(  114): Ignoring hideSoftInput of: com.android.internal.view.IInputMethodClient$Stub$Proxy@45b83500
12-18 09:53:23.654 I/ActivityManager(  114): Starting activity: Intent { act=android.intent.action.MAIN cat=[android.intent.category.LAUNCHER] flg=0x10200000 cmp=com.google.android.apps.genie.geniewidget/.activities.NewsActivity }
12-18 09:53:25.194 I/ActivityManager(  114): Starting activity: Intent { act=android.intent.action.VIEW dat=http://www.sfgate.com/cgi-bin/article.cgi?f=/c/a/2011/12/17/SPJ71MDT9V.DTL cmp=com.android.browser/.BrowserActivity (has extras) }
12-18 09:53:25.334 I/WindowManager(  114): Setting rotation to 1, animFlags=1
12-18 09:53:25.344 I/ActivityManager(  114): Config changed: { scale=1.0 imsi=310/0 loc=en_US touch=3 keys=1/1/2 nav=1/1 orien=2 layout=18 uiMode=17 seq=12}
12-18 09:53:25.414 W/WindowManager(  114): No window to dispatch pointer action 0
12-18 09:53:25.614 W/InputManagerService(  114): Starting input on non-focused client com.android.internal.view.IInputMethodClient$Stub$Proxy@45bf0708 (uid=10039 pid=745)
12-18 09:53:25.614 W/InputManagerService(  114): Client not active, ignoring focus gain of: com.android.internal.view.IInputMethodClient$Stub$Proxy@45e307d0
12-18 09:53:25.684 W/WindowManager(  114): No window to dispatch pointer action 1
12-18 09:53:26.834 I/WindowManager(  114): Setting rotation to 0, animFlags=1
12-18 09:53:26.844 I/ActivityManager(  114): Config changed: { scale=1.0 imsi=310/0 loc=en_US touch=3 keys=1/1/2 nav=1/1 orien=1 layout=18 uiMode=17 seq=13}
12-18 09:53:26.944 D/WifiService(  114): acquireWifiLockLocked: WifiLock{NetworkLocationLocator type=2 binder=android.os.BinderProxy@45e2e608}
12-18 09:53:27.064 W/InputManagerService(  114): Window already focused, ignoring focus gain of: com.android.internal.view.IInputMethodClient$Stub$Proxy@45e045a8
12-18 09:53:27.104 D/WifiService(  114): releaseWifiLockLocked: WifiLock{NetworkLocationLocator type=2 binder=android.os.BinderProxy@45e2e608}
12-18 09:53:30.554 W/InputManagerService(  114): Window already focused, ignoring focus gain of: com.android.internal.view.IInputMethodClient$Stub$Proxy@45d2a1b0
12-18 09:53:47.664 W/InputManagerService(  114): Window already focused, ignoring focus gain of: com.android.internal.view.IInputMethodClient$Stub$Proxy@45d9fa10
12-18 09:53:48.324 I/ActivityManager(  114): Starting activity: Intent { act=android.intent.action.MAIN cat=[android.intent.category.LAUNCHER] flg=0x10200000 cmp=com.google.android.apps.genie.geniewidget/.activities.NewsActivity }
12-18 09:53:51.424 I/ActivityManager(  114): Starting activity: Intent { cmp=com.google.android.apps.genie.geniewidget/.activities.Preferences }
12-18 09:53:53.174 I/ActivityManager(  114): Starting activity: Intent { cmp=com.google.android.apps.genie.geniewidget/.activities.LocationPreferences }
12-18 09:53:59.644 W/InputManagerService(  114): Window already focused, ignoring focus gain of: com.android.internal.view.IInputMethodClient$Stub$Proxy@45bb9408
12-18 09:54:10.454 W/InputManagerService(  114): Window already focused, ignoring focus gain of: com.android.internal.view.IInputMethodClient$Stub$Proxy@45ad4cb8
12-18 09:54:21.454 I/ActivityManager(  114): Starting activity: Intent { cmp=com.google.android.apps.genie.geniewidget/.activities.Preferences }
12-18 09:54:22.954 I/ActivityManager(  114): Starting activity: Intent { cmp=com.google.android.apps.genie.geniewidget/.activities.LocationPreferences }
12-18 09:54:25.834 I/ActivityManager(  114): Starting activity: Intent { cmp=com.google.android.apps.genie.geniewidget/.activities.CustomLocationPreferences }
12-18 09:54:26.964 D/WifiService(  114): acquireWifiLockLocked: WifiLock{NetworkLocationLocator type=2 binder=android.os.BinderProxy@45ef1440}
12-18 09:54:26.994 D/WifiService(  114): releaseWifiLockLocked: WifiLock{NetworkLocationLocator type=2 binder=android.os.BinderProxy@45ef1440}
12-18 09:54:49.954 W/InputManagerService(  114): Window already focused, ignoring focus gain of: com.android.internal.view.IInputMethodClient$Stub$Proxy@45ee3fb0
12-18 09:54:58.474 I/ActivityManager(  114): Starting activity: Intent { cmp=com.google.android.apps.genie.geniewidget/.activities.CustomLocationPreferences }
12-18 09:55:07.024 W/InputManagerService(  114): Window already focused, ignoring focus gain of: com.android.internal.view.IInputMethodClient$Stub$Proxy@45d509c8
12-18 09:55:26.984 D/WifiService(  114): acquireWifiLockLocked: WifiLock{NetworkLocationLocator type=2 binder=android.os.BinderProxy@45cfbbe8}
12-18 09:55:27.024 D/WifiService(  114): releaseWifiLockLocked: WifiLock{NetworkLocationLocator type=2 binder=android.os.BinderProxy@45cfbbe8}
12-18 09:55:51.644 D/StatusBar(  114): DISABLE_EXPAND: yes
12-18 09:56:27.014 D/WifiService(  114): acquireWifiLockLocked: WifiLock{NetworkLocationLocator type=2 binder=android.os.BinderProxy@45cfbbe8}
12-18 09:56:27.104 D/WifiService(  114): releaseWifiLockLocked: WifiLock{NetworkLocationLocator type=2 binder=android.os.BinderProxy@45cfbbe8}
12-18 09:57:27.034 D/WifiService(  114): acquireWifiLockLocked: WifiLock{NetworkLocationLocator type=2 binder=android.os.BinderProxy@45cfbbe8}
12-18 09:57:27.154 D/WifiService(  114): releaseWifiLockLocked: WifiLock{NetworkLocationLocator type=2 binder=android.os.BinderProxy@45cfbbe8}
12-18 09:58:27.067 D/WifiService(  114): acquireWifiLockLocked: WifiLock{NetworkLocationLocator type=2 binder=android.os.BinderProxy@45cfbbe8}
12-18 09:58:27.177 D/WifiService(  114): releaseWifiLockLocked: WifiLock{NetworkLocationLocator type=2 binder=android.os.BinderProxy@45cfbbe8}
12-18 09:59:27.087 D/WifiService(  114): acquireWifiLockLocked: WifiLock{NetworkLocationLocator type=2 binder=android.os.BinderProxy@45cfbbe8}
12-18 09:59:27.177 D/WifiService(  114): releaseWifiLockLocked: WifiLock{NetworkLocationLocator type=2 binder=android.os.BinderProxy@45cfbbe8}
--------- beginning of /dev/log/main
12-18 09:59:27.507 D/dalvikvm(  521): GC_FOR_MALLOC freed 3055 objects / 470264 bytes in 185ms
12-18 09:59:32.387 D/dalvikvm( 3515): GC_EXPLICIT freed 283 objects / 10672 bytes in 178ms
12-18 09:59:37.407 D/dalvikvm(  227): GC_EXPLICIT freed 317 objects / 13920 bytes in 188ms
12-18 09:59:42.417 D/dalvikvm(  521): GC_EXPLICIT freed 1066 objects / 88064 bytes in 204ms
12-18 10:00:27.117 D/WifiService(  114): acquireWifiLockLocked: WifiLock{NetworkLocationLocator type=2 binder=android.os.BinderProxy@45cfbbe8}
12-18 10:00:27.207 D/WifiService(  114): releaseWifiLockLocked: WifiLock{NetworkLocationLocator type=2 binder=android.os.BinderProxy@45cfbbe8}
12-18 10:01:27.146 D/WifiService(  114): acquireWifiLockLocked: WifiLock{NetworkLocationLocator type=2 binder=android.os.BinderProxy@45cfbbe8}
12-18 10:01:27.236 D/WifiService(  114): releaseWifiLockLocked: WifiLock{NetworkLocationLocator type=2 binder=android.os.BinderProxy@45cfbbe8}
12-18 10:01:27.556 D/dalvikvm(  521): GC_FOR_MALLOC freed 3060 objects / 470848 bytes in 185ms
12-18 10:01:32.446 D/dalvikvm( 3515): GC_EXPLICIT freed 283 objects / 10728 bytes in 181ms
12-18 10:01:37.466 D/dalvikvm(  227): GC_EXPLICIT freed 247 objects / 10616 bytes in 192ms
12-18 10:01:42.456 D/dalvikvm(  521): GC_EXPLICIT freed 1066 objects / 88296 bytes in 187ms
12-18 10:02:27.166 D/WifiService(  114): acquireWifiLockLocked: WifiLock{NetworkLocationLocator type=2 binder=android.os.BinderProxy@45cfbbe8}
12-18 10:02:27.266 D/WifiService(  114): releaseWifiLockLocked: WifiLock{NetworkLocationLocator type=2 binder=android.os.BinderProxy@45cfbbe8}
12-18 10:03:27.196 D/WifiService(  114): acquireWifiLockLocked: WifiLock{NetworkLocationLocator type=2 binder=android.os.BinderProxy@45cfbbe8}
12-18 10:03:27.286 D/WifiService(  114): releaseWifiLockLocked: WifiLock{NetworkLocationLocator type=2 binder=android.os.BinderProxy@45cfbbe8}
12-18 10:03:27.626 D/dalvikvm(  521): GC_FOR_MALLOC freed 3055 objects / 470664 bytes in 185ms
12-18 10:03:32.506 D/dalvikvm( 3515): GC_EXPLICIT freed 283 objects / 10752 bytes in 180ms
12-18 10:03:37.496 D/dalvikvm(  227): GC_EXPLICIT freed 247 objects / 10616 bytes in 177ms
12-18 10:03:42.536 D/dalvikvm(  521): GC_EXPLICIT freed 1066 objects / 88448 bytes in 216ms
12-18 10:03:56.159 D/dalvikvm(  873): GC_FOR_MALLOC freed 7881 objects / 331520 bytes in 176ms
12-18 10:03:56.349 D/dalvikvm(  873): GC_FOR_MALLOC freed 12721 objects / 509360 bytes in 97ms
12-18 10:04:05.339 D/dalvikvm(  873): GC_EXPLICIT freed 6288 objects / 379608 bytes in 202ms
12-18 10:04:23.839 D/dalvikvm(  187): GC_FOR_MALLOC freed 13668 objects / 525400 bytes in 164ms
12-18 10:04:27.219 D/WifiService(  114): acquireWifiLockLocked: WifiLock{NetworkLocationLocator type=2 binder=android.os.BinderProxy@45cfbbe8}
12-18 10:04:27.599 D/dalvikvm(  114): GC_FOR_MALLOC freed 26145 objects / 1298712 bytes in 369ms
12-18 10:04:27.709 D/WifiService(  114): releaseWifiLockLocked: WifiLock{NetworkLocationLocator type=2 binder=android.os.BinderProxy@45cfbbe8}
12-18 10:05:27.249 D/WifiService(  114): acquireWifiLockLocked: WifiLock{NetworkLocationLocator type=2 binder=android.os.BinderProxy@45cfbbe8}
12-18 10:05:27.349 D/WifiService(  114): releaseWifiLockLocked: WifiLock{NetworkLocationLocator type=2 binder=android.os.BinderProxy@45cfbbe8}
12-18 10:05:27.679 D/dalvikvm(  521): GC_FOR_MALLOC freed 3003 objects / 469000 bytes in 185ms
12-18 10:05:32.549 D/dalvikvm( 3515): GC_EXPLICIT freed 285 objects / 10888 bytes in 179ms
12-18 10:05:37.559 D/dalvikvm(  227): GC_EXPLICIT freed 267 objects / 11536 bytes in 190ms
12-18 10:05:42.589 D/dalvikvm(  521): GC_EXPLICIT freed 1075 objects / 88880 bytes in 213ms
12-18 10:06:27.269 D/WifiService(  114): acquireWifiLockLocked: WifiLock{NetworkLocationLocator type=2 binder=android.os.BinderProxy@45cfbbe8}
12-18 10:06:27.369 D/WifiService(  114): releaseWifiLockLocked: WifiLock{NetworkLocationLocator type=2 binder=android.os.BinderProxy@45cfbbe8}
12-18 10:07:27.299 D/WifiService(  114): acquireWifiLockLocked: WifiLock{NetworkLocationLocator type=2 binder=android.os.BinderProxy@45cfbbe8}
12-18 10:07:27.389 D/WifiService(  114): releaseWifiLockLocked: WifiLock{NetworkLocationLocator type=2 binder=android.os.BinderProxy@45cfbbe8}
12-18 10:07:27.929 D/dalvikvm(  521): GC_FOR_MALLOC freed 3055 objects / 470992 bytes in 187ms
12-18 10:07:32.609 D/dalvikvm( 3515): GC_EXPLICIT freed 330 objects / 13712 bytes in 179ms
12-18 10:07:37.619 D/dalvikvm(  227): GC_EXPLICIT freed 308 objects / 12976 bytes in 191ms
12-18 10:07:42.629 D/dalvikvm(  521): GC_EXPLICIT freed 1066 objects / 88704 bytes in 197ms
12-18 10:08:27.322 D/WifiService(  114): acquireWifiLockLocked: WifiLock{NetworkLocationLocator type=2 binder=android.os.BinderProxy@45cfbbe8}
12-18 10:08:27.412 D/WifiService(  114): releaseWifiLockLocked: WifiLock{NetworkLocationLocator type=2 binder=android.os.BinderProxy@45cfbbe8}
12-18 10:09:23.042 D/dalvikvm(  414): GC_EXPLICIT freed 43 objects / 2272 bytes in 160ms
12-18 10:09:27.352 D/WifiService(  114): acquireWifiLockLocked: WifiLock{NetworkLocationLocator type=2 binder=android.os.BinderProxy@45cfbbe8}
12-18 10:09:27.482 D/WifiService(  114): releaseWifiLockLocked: WifiLock{NetworkLocationLocator type=2 binder=android.os.BinderProxy@45cfbbe8}
12-18 10:09:27.822 D/dalvikvm(  521): GC_FOR_MALLOC freed 3060 objects / 471416 bytes in 246ms
12-18 10:09:32.662 D/dalvikvm( 3515): GC_EXPLICIT freed 268 objects / 10256 bytes in 178ms
12-18 10:09:37.212 I/power   (  114): *** set_screen_state 1
12-18 10:09:37.232 D/LockScreen(  114): Updating Lock Screen text to Ruim
12-18 10:09:37.392 D/CallNotifier(  191): onServiceChanged(): 
12-18 10:09:37.412 I/WindowManager(  114): home key test1= 2004
12-18 10:09:37.412 D/WindowManager(  114): Home Key Test : false : false
12-18 10:09:37.612 I/dun_service(  268): The value returned from dun_getusbmodemstate_fromsys is 1 
12-18 10:09:37.612 I/dun_service(  268): Post event 1
12-18 10:09:37.622 I/dun_service(  268): received event: DUN_EVENT_USB_UNPLUG 
12-18 10:09:37.622 E/dun_service(  268): LG_DATA: Dun Reply Functions [DUN_STATE_USB_UNPLUG --> DUN_STATE_USB_UNPLUG][52]
12-18 10:09:42.442 I/power   (  114): *** set_screen_state 0
12-18 10:09:42.582 W/IInputConnectionWrapper(  724): getExtractedText on inactive InputConnection
12-18 10:09:42.582 W/IInputConnectionWrapper(  724): getExtractedText on inactive InputConnection
12-18 10:09:44.932 D/dalvikvm(  187): GC_FOR_MALLOC freed 13697 objects / 525728 bytes in 170ms
12-18 10:09:47.802 D/dalvikvm(  227): GC_EXPLICIT freed 251 objects / 10824 bytes in 185ms
12-18 10:09:52.832 D/dalvikvm(  521): GC_EXPLICIT freed 1066 objects / 88808 bytes in 209ms
12-18 10:10:27.372 D/WifiService(  114): acquireWifiLockLocked: WifiLock{NetworkLocationLocator type=2 binder=android.os.BinderProxy@45cfbbe8}
12-18 10:10:27.462 D/WifiService(  114): releaseWifiLockLocked: WifiLock{NetworkLocationLocator type=2 binder=android.os.BinderProxy@45cfbbe8}
12-18 10:10:52.065 I/power   (  114): *** set_screen_state 1
12-18 10:10:52.072 D/LockScreen(  114): Updating Lock Screen text to Ruim
12-18 10:10:52.212 D/CallNotifier(  191): onServiceChanged(): 
12-18 10:10:52.222 I/WindowManager(  114): home key test1= 2004
12-18 10:10:52.222 D/WindowManager(  114): Home Key Test : false : false
12-18 10:10:53.102 W/InputManagerService(  114): Window already focused, ignoring focus gain of: com.android.internal.view.IInputMethodClient$Stub$Proxy@45eab4c0
12-18 10:10:53.912 I/dun_service(  268): The value returned from dun_getusbmodemstate_fromsys is 1 
12-18 10:10:53.912 I/dun_service(  268): Post event 1
12-18 10:10:53.922 I/dun_service(  268): received event: DUN_EVENT_USB_UNPLUG 
12-18 10:10:53.922 E/dun_service(  268): LG_DATA: Dun Reply Functions [DUN_STATE_USB_UNPLUG --> DUN_STATE_USB_UNPLUG][52]
12-18 10:10:54.142 I/WindowManager(  114): home key test1= 1
12-18 10:10:54.142 D/WindowManager(  114): Home Key Test : false : false
12-18 10:10:54.324 D/WindowManager(  114): Home Key Test : false : false
12-18 10:10:54.352 I/ActivityManager(  114): Starting activity: Intent { act=android.intent.action.MAIN cat=[android.intent.category.HOME] flg=0x10200000 cmp=com.android.launcher/com.android.launcher2.Launcher }
12-18 10:10:54.382 W/InputManagerService(  114): Ignoring hideSoftInput of: com.android.internal.view.IInputMethodClient$Stub$Proxy@45e5d860
12-18 10:10:56.792 I/ActivityManager(  114): Starting activity: Intent { act=android.intent.action.MAIN cat=[android.intent.category.LAUNCHER] flg=0x10200000 cmp=com.ghostrun/.activity.HomeView }
12-18 10:10:58.462 I/ActivityManager(  114): Starting activity: Intent { cmp=com.ghostrun/.activity.GameMenu }
12-18 10:10:58.712 I/ActivityManager(  114): Displayed activity com.ghostrun/.activity.GameMenu: 246 ms (total 246 ms)
12-18 10:11:12.512 I/ActivityManager(  114): Starting activity: Intent { cmp=com.ghostrun/.activity.MultiplayerMapView (has extras) }
12-18 10:11:12.552 W/MapActivity( 1032): Recycling dispatcher com.google.googlenav.datarequest.DataRequestDispatcher@459c5e38
12-18 10:11:12.562 V/MapActivity( 1032): Recycling map object.
12-18 10:11:12.592 D/GpsLocationProvider(  114): setMinTime 0
12-18 10:11:12.592 D/GpsLocationProvider(  114): startNavigating
12-18 10:11:12.632 V/GpsLocationProvider(  114): called startNavigating() as 0
12-18 10:11:12.642 D/GpsLocationProvider(  114): setMinTime 0
12-18 10:11:12.642 I/Maps.MyLocationOverlay( 1032): Request updates from gps
12-18 10:11:12.642 I/Maps.MyLocationOverlay( 1032): Request updates from network
12-18 10:11:12.652 I/MapActivity( 1032): Handling network change notification:CONNECTED
12-18 10:11:12.652 E/MapActivity( 1032): Couldn't get connection factory client
12-18 10:11:12.762 D/GpsLocationProvider(  114): Acquiring wakelock
12-18 10:11:12.782 D/LocationMasfClient(  114): getNetworkLocation(): Returning cache location with accuracy 807.0
12-18 10:11:12.872 I/ActivityManager(  114): Displayed activity com.ghostrun/.activity.MultiplayerMapView: 346 ms (total 346 ms)
12-18 10:11:12.892 D/LocationMasfClient(  114): getNetworkLocation(): Returning cache location with accuracy 807.0
12-18 10:11:14.222 D/GpsLocationProvider(  114): TTFF: 1465
12-18 10:11:14.632 D/dalvikvm(  521): GC_FOR_MALLOC freed 3177 objects / 477920 bytes in 212ms
12-18 10:11:16.202 D/dalvikvm(  521): GC_FOR_MALLOC freed 5415 objects / 473688 bytes in 198ms
12-18 10:11:17.012 D/WifiService(  114): acquireWifiLockLocked: WifiLock{NetworkLocationLocator type=2 binder=android.os.BinderProxy@45cfbbe8}
12-18 10:11:17.292 D/dalvikvm(  521): GC_FOR_MALLOC freed 4080 objects / 472384 bytes in 261ms
12-18 10:11:17.292 D/NativeCrypto(  521): Freeing OpenSSL session
12-18 10:11:17.372 D/WifiService(  114): releaseWifiLockLocked: WifiLock{NetworkLocationLocator type=2 binder=android.os.BinderProxy@45cfbbe8}
12-18 10:11:17.902 D/dalvikvm(  521): GC_FOR_MALLOC freed 3933 objects / 554872 bytes in 106ms
12-18 10:11:18.502 D/WifiService(  114): acquireWifiLockLocked: WifiLock{NetworkLocationLocator type=2 binder=android.os.BinderProxy@45cfbbe8}
12-18 10:11:18.732 D/WifiService(  114): releaseWifiLockLocked: WifiLock{NetworkLocationLocator type=2 binder=android.os.BinderProxy@45cfbbe8}
12-18 10:11:18.872 D/dalvikvm(  521): GC_FOR_MALLOC freed 1190 objects / 267264 bytes in 318ms
12-18 10:11:19.322 D/dalvikvm(  521): GC_FOR_MALLOC freed 2879 objects / 513776 bytes in 118ms
12-18 10:11:19.882 D/WifiService(  114): acquireWifiLockLocked: WifiLock{NetworkLocationLocator type=2 binder=android.os.BinderProxy@45cfbbe8}
12-18 10:11:20.032 D/WifiService(  114): releaseWifiLockLocked: WifiLock{NetworkLocationLocator type=2 binder=android.os.BinderProxy@45cfbbe8}
12-18 10:11:20.082 D/dalvikvm(  521): GC_FOR_MALLOC freed 2295 objects / 365792 bytes in 186ms
12-18 10:11:21.562 D/dalvikvm(  521): GC_FOR_MALLOC freed 2991 objects / 517592 bytes in 194ms
12-18 10:11:23.252 D/WifiService(  114): acquireWifiLockLocked: WifiLock{NetworkLocationLocator type=2 binder=android.os.BinderProxy@45cfbbe8}
12-18 10:11:23.262 D/WifiService(  114): releaseWifiLockLocked: WifiLock{NetworkLocationLocator type=2 binder=android.os.BinderProxy@45cfbbe8}
12-18 10:11:23.422 D/dalvikvm(  521): GC_FOR_MALLOC freed 3077 objects / 422912 bytes in 147ms
12-18 10:11:23.932 D/dalvikvm(  521): GC_FOR_MALLOC freed 2930 objects / 517992 bytes in 140ms
12-18 10:11:24.842 D/dalvikvm(  521): GC_FOR_MALLOC freed 5626 objects / 410072 bytes in 281ms
12-18 10:11:24.862 D/NativeCrypto(  521): Freeing OpenSSL session
12-18 10:11:25.102 D/dalvikvm(  521): GC_FOR_MALLOC freed 1812 objects / 284664 bytes in 188ms
12-18 10:11:25.142 D/WifiService(  114): acquireWifiLockLocked: WifiLock{NetworkLocationLocator type=2 binder=android.os.BinderProxy@45cfbbe8}
12-18 10:11:25.192 D/WifiService(  114): releaseWifiLockLocked: WifiLock{NetworkLocationLocator type=2 binder=android.os.BinderProxy@45cfbbe8}
12-18 10:11:25.362 D/dalvikvm(  521): GC_FOR_MALLOC freed 533 objects / 192752 bytes in 152ms
12-18 10:11:25.462 D/WifiService(  114): acquireWifiLockLocked: WifiLock{NetworkLocationLocator type=2 binder=android.os.BinderProxy@45cfbbe8}
12-18 10:11:25.502 D/WifiService(  114): releaseWifiLockLocked: WifiLock{NetworkLocationLocator type=2 binder=android.os.BinderProxy@45cfbbe8}
12-18 10:11:25.672 D/dalvikvm(  521): GC_FOR_MALLOC freed 1104 objects / 253920 bytes in 175ms
12-18 10:11:26.062 D/dalvikvm( 1032): GC_FOR_MALLOC freed 15333 objects / 474920 bytes in 111ms
12-18 10:11:26.552 D/dalvikvm(  521): GC_FOR_MALLOC freed 2781 objects / 510648 bytes in 240ms
12-18 10:11:27.302 D/dalvikvm(  521): GC_FOR_MALLOC freed 3962 objects / 472664 bytes in 169ms
12-18 10:11:27.472 D/dalvikvm(  521): GC_FOR_MALLOC freed 1081 objects / 234216 bytes in 142ms
12-18 10:11:27.522 D/WifiService(  114): acquireWifiLockLocked: WifiLock{NetworkLocationLocator type=2 binder=android.os.BinderProxy@45cfbbe8}
12-18 10:11:27.772 D/dalvikvm(  114): GC_EXPLICIT freed 28443 objects / 1300256 bytes in 234ms
12-18 10:11:27.812 D/WifiService(  114): releaseWifiLockLocked: WifiLock{NetworkLocationLocator type=2 binder=android.os.BinderProxy@45cfbbe8}
12-18 10:11:28.012 D/dalvikvm(  521): GC_FOR_MALLOC freed 395 objects / 177872 bytes in 179ms
12-18 10:11:28.102 D/WifiService(  114): acquireWifiLockLocked: WifiLock{NetworkLocationLocator type=2 binder=android.os.BinderProxy@45cfbbe8}
12-18 10:11:28.162 D/WifiService(  114): releaseWifiLockLocked: WifiLock{NetworkLocationLocator type=2 binder=android.os.BinderProxy@45cfbbe8}
12-18 10:11:28.272 D/dalvikvm(  521): GC_FOR_MALLOC freed 973 objects / 256584 bytes in 167ms
12-18 10:11:28.712 D/dalvikvm(  521): GC_FOR_MALLOC freed 2859 objects / 503536 bytes in 147ms
12-18 10:11:28.892 D/WifiService(  114): acquireWifiLockLocked: WifiLock{NetworkLocationLocator type=2 binder=android.os.BinderProxy@45cfbbe8}
12-18 10:11:29.002 D/dalvikvm(  521): GC_FOR_MALLOC freed 3047 objects / 503528 bytes in 93ms
12-18 10:11:29.022 D/WifiService(  114): releaseWifiLockLocked: WifiLock{NetworkLocationLocator type=2 binder=android.os.BinderProxy@45cfbbe8}
12-18 10:11:29.162 I/stats   ( 1032): post_position gid=233001&pid=234011&lat=37314161&lng=-121917024&numPlayer=2&dbm=-80&ecio=-50&t1=1324231888681&t2=1324231888685&t3=1324231889155&t4=1324231889169
12-18 10:11:29.172 I/Maps.MyLocationOverlay( 1032): Got fallback update soon after preferred udpate, ignoring
12-18 10:11:29.382 D/dalvikvm(  521): GC_FOR_MALLOC freed 2767 objects / 467288 bytes in 92ms
12-18 10:11:29.422 D/WifiService(  114): acquireWifiLockLocked: WifiLock{NetworkLocationLocator type=2 binder=android.os.BinderProxy@45cfbbe8}
12-18 10:11:29.582 D/dalvikvm(  521): GC_FOR_MALLOC freed 732 objects / 192848 bytes in 139ms
12-18 10:11:29.602 D/WifiService(  114): releaseWifiLockLocked: WifiLock{NetworkLocationLocator type=2 binder=android.os.BinderProxy@45cfbbe8}
12-18 10:11:29.762 D/dalvikvm(  521): GC_FOR_MALLOC freed 666 objects / 225496 bytes in 110ms
12-18 10:11:29.872 D/WifiService(  114): acquireWifiLockLocked: WifiLock{NetworkLocationLocator type=2 binder=android.os.BinderProxy@45cfbbe8}
12-18 10:11:29.932 D/WifiService(  114): releaseWifiLockLocked: WifiLock{NetworkLocationLocator type=2 binder=android.os.BinderProxy@45cfbbe8}
12-18 10:11:29.992 D/dalvikvm(  521): GC_FOR_MALLOC freed 1879 objects / 326384 bytes in 101ms
12-18 10:11:30.262 D/dalvikvm(  521): GC_FOR_MALLOC freed 2466 objects / 497224 bytes in 93ms
12-18 10:11:30.352 D/WifiService(  114): acquireWifiLockLocked: WifiLock{NetworkLocationLocator type=2 binder=android.os.BinderProxy@45cfbbe8}
12-18 10:11:30.402 I/stats   ( 1032): post_position gid=233001&pid=234011&lat=37314161&lng=-121917024&numPlayer=2&dbm=-80&ecio=-50&t1=1324231889683&t2=1324231889685&t3=1324231890388&t4=1324231890410
12-18 10:11:30.542 D/dalvikvm(  521): GC_FOR_MALLOC freed 1538 objects / 315400 bytes in 175ms
12-18 10:11:30.562 D/WifiService(  114): releaseWifiLockLocked: WifiLock{NetworkLocationLocator type=2 binder=android.os.BinderProxy@45cfbbe8}
12-18 10:11:31.672 D/dalvikvm(  521): GC_FOR_MALLOC freed 2957 objects / 489856 bytes in 122ms
12-18 10:11:31.772 D/WifiService(  114): acquireWifiLockLocked: WifiLock{NetworkLocationLocator type=2 binder=android.os.BinderProxy@45cfbbe8}
12-18 10:11:31.892 D/dalvikvm(  521): GC_FOR_MALLOC freed 868 objects / 226344 bytes in 113ms
12-18 10:11:31.912 D/WifiService(  114): releaseWifiLockLocked: WifiLock{NetworkLocationLocator type=2 binder=android.os.BinderProxy@45cfbbe8}
12-18 10:11:32.092 D/dalvikvm(  521): GC_FOR_MALLOC freed 749 objects / 231344 bytes in 96ms
12-18 10:11:32.262 D/WifiService(  114): acquireWifiLockLocked: WifiLock{NetworkLocationLocator type=2 binder=android.os.BinderProxy@45cfbbe8}
12-18 10:11:32.342 D/WifiService(  114): releaseWifiLockLocked: WifiLock{NetworkLocationLocator type=2 binder=android.os.BinderProxy@45cfbbe8}
12-18 10:11:32.382 D/dalvikvm(  521): GC_FOR_MALLOC freed 1151 objects / 296696 bytes in 108ms
12-18 10:11:32.582 I/stats   ( 1032): post_position gid=233001&pid=234011&lat=37314161&lng=-121917024&numPlayer=2&dbm=-80&ecio=-50&t1=1324231890662&t2=1324231890665&t3=1324231892569&t4=1324231892585
12-18 10:11:32.732 D/dalvikvm(  521): GC_FOR_MALLOC freed 2891 objects / 513144 bytes in 92ms
12-18 10:11:32.952 I/stats   ( 1032): post_position gid=233001&pid=234011&lat=37314161&lng=-121917024&numPlayer=2&dbm=-78&ecio=-50&t1=1324231892598&t2=1324231892600&t3=1324231892943&t4=1324231892960
12-18 10:11:33.732 I/stats   ( 1032): post_position gid=233001&pid=234011&lat=37314161&lng=-121917024&numPlayer=2&dbm=-78&ecio=-50&t1=1324231893411&t2=1324231893416&t3=1324231893702&t4=1324231893737
12-18 10:11:34.352 D/WifiService(  114): acquireWifiLockLocked: WifiLock{NetworkLocationLocator type=2 binder=android.os.BinderProxy@45cfbbe8}
12-18 10:11:34.522 D/WifiService(  114): releaseWifiLockLocked: WifiLock{NetworkLocationLocator type=2 binder=android.os.BinderProxy@45cfbbe8}
12-18 10:11:34.632 D/dalvikvm(  521): GC_FOR_MALLOC freed 2519 objects / 402352 bytes in 266ms
12-18 10:11:35.102 I/stats   ( 1032): post_position gid=233001&pid=234011&lat=37314161&lng=-121917024&numPlayer=2&dbm=-78&ecio=-50&t1=1324231894768&t2=1324231894773&t3=1324231895089&t4=1324231895103
12-18 10:11:35.722 D/dalvikvm(  521): GC_FOR_MALLOC freed 3247 objects / 522064 bytes in 195ms
12-18 10:11:36.242 I/stats   ( 1032): post_position gid=233001&pid=234011&lat=37314161&lng=-121917024&numPlayer=2&dbm=-78&ecio=-50&t1=1324231895470&t2=1324231895475&t3=1324231896193&t4=1324231896246
12-18 10:11:37.262 D/WifiService(  114): acquireWifiLockLocked: WifiLock{NetworkLocationLocator type=2 binder=android.os.BinderProxy@45cfbbe8}
12-18 10:11:37.442 I/stats   ( 1032): post_position gid=233001&pid=234011&lat=37314160&lng=-121917024&numPlayer=2&dbm=-79&ecio=-60&t1=1324231896466&t2=1324231896471&t3=1324231897402&t4=1324231897445
12-18 10:11:37.702 D/dalvikvm(  521): GC_FOR_MALLOC freed 3151 objects / 488376 bytes in 425ms
12-18 10:11:37.782 D/WifiService(  114): releaseWifiLockLocked: WifiLock{NetworkLocationLocator type=2 binder=android.os.BinderProxy@45cfbbe8}
12-18 10:11:38.142 I/stats   ( 1032): post_position gid=233001&pid=234011&lat=37314160&lng=-121917024&numPlayer=2&dbm=-79&ecio=-60&t1=1324231897684&t2=1324231897689&t3=1324231898134&t4=1324231898147
12-18 10:11:38.602 D/dalvikvm(  521): GC_FOR_MALLOC freed 3392 objects / 529512 bytes in 155ms
12-18 10:11:38.772 I/stats   ( 1032): post_position gid=233001&pid=234011&lat=37314160&lng=-121917024&numPlayer=0&dbm=-79&ecio=-60&t1=1324231898401&t2=1324231898405&t3=1324231898753&t4=1324231898775
12-18 10:11:39.992 I/stats   ( 1032): post_position gid=233001&pid=234011&lat=37314160&lng=-121917024&numPlayer=0&dbm=-79&ecio=-60&t1=1324231899444&t2=1324231899449&t3=1324231899970&t4=1324231899997
12-18 10:11:41.142 I/stats   ( 1032): post_position gid=233001&pid=234011&lat=37314160&lng=-121917024&numPlayer=0&dbm=-79&ecio=-60&t1=1324231900441&t2=1324231900446&t3=1324231901120&t4=1324231901144
12-18 10:11:41.372 D/dalvikvm( 1032): GC_FOR_MALLOC freed 28827 objects / 1025664 bytes in 224ms
12-18 10:11:42.362 I/stats   ( 1032): post_position gid=233001&pid=234011&lat=37314160&lng=-121917024&numPlayer=0&dbm=-80&ecio=-60&t1=1324231901844&t2=1324231901849&t3=1324231902358&t4=1324231902368
12-18 10:11:42.772 D/dalvikvm(  521): GC_FOR_MALLOC freed 4805 objects / 508632 bytes in 201ms
12-18 10:11:42.902 I/stats   ( 1032): post_position gid=233001&pid=234011&lat=37314160&lng=-121917024&numPlayer=0&dbm=-80&ecio=-60&t1=1324231902517&t2=1324231902521&t3=1324231902894&t4=1324231902910
12-18 10:11:44.262 I/stats   ( 1032): post_position gid=233001&pid=234011&lat=37314160&lng=-121917024&numPlayer=0&dbm=-80&ecio=-60&t1=1324231903402&t2=1324231903406&t3=1324231904243&t4=1324231904271
12-18 10:11:45.492 I/stats   ( 1032): post_position gid=233001&pid=234011&lat=37314160&lng=-121917024&numPlayer=0&dbm=-80&ecio=-60&t1=1324231904455&t2=1324231904459&t3=1324231905481&t4=1324231905497
12-18 10:11:45.522 I/Maps.MyLocationOverlay( 1032): Got fallback update soon after preferred udpate, ignoring
12-18 10:11:45.862 I/stats   ( 1032): post_position gid=233001&pid=234011&lat=37314160&lng=-121917024&numPlayer=0&dbm=-80&ecio=-60&t1=1324231905527&t2=1324231905529&t3=1324231905858&t4=1324231905872
12-18 10:11:46.622 D/dalvikvm(  521): GC_FOR_MALLOC freed 5029 objects / 524528 bytes in 102ms
12-18 10:11:46.912 I/stats   ( 1032): post_position gid=233001&pid=234011&lat=37314160&lng=-121917024&numPlayer=0&dbm=-80&ecio=-60&t1=1324231906494&t2=1324231906496&t3=1324231906905&t4=1324231906920
12-18 10:11:47.902 I/stats   ( 1032): post_position gid=233001&pid=234011&lat=37314160&lng=-121917024&numPlayer=0&dbm=-82&ecio=-60&t1=1324231907556&t2=1324231907558&t3=1324231907898&t4=1324231907911
12-18 10:11:48.932 I/stats   ( 1032): post_position gid=233001&pid=234011&lat=37314160&lng=-121917024&numPlayer=0&dbm=-82&ecio=-60&t1=1324231908615&t2=1324231908617&t3=1324231908924&t4=1324231908936
12-18 10:11:50.212 I/stats   ( 1032): post_position gid=233001&pid=234011&lat=37314160&lng=-121917024&numPlayer=0&dbm=-82&ecio=-60&t1=1324231909410&t2=1324231909415&t3=1324231910190&t4=1324231910215
12-18 10:11:50.502 D/dalvikvm( 1032): GC_FOR_MALLOC freed 17425 objects / 759408 bytes in 239ms
12-18 10:11:51.002 D/dalvikvm(  521): GC_FOR_MALLOC freed 5065 objects / 524840 bytes in 94ms
12-18 10:11:51.132 D/dalvikvm( 1032): GC_EXPLICIT freed 5823 objects / 140168 bytes in 97ms
12-18 10:11:51.612 I/stats   ( 1032): post_position gid=233001&pid=234011&lat=37314160&lng=-121917024&numPlayer=0&dbm=-82&ecio=-60&t1=1324231910850&t2=1324231910859&t3=1324231911601&t4=1324231911615
12-18 10:11:52.062 I/stats   ( 1032): post_position gid=233001&pid=234011&lat=37314160&lng=-121917024&numPlayer=0&dbm=-82&ecio=-60&t1=1324231911631&t2=1324231911634&t3=1324231912041&t4=1324231912070
12-18 10:11:52.302 I/WindowManager(  114): home key test1= 1
12-18 10:11:52.302 D/WindowManager(  114): Home Key Test : false : false
12-18 10:11:52.462 D/WindowManager(  114): Home Key Test : false : false
12-18 10:11:52.512 I/ActivityManager(  114): Starting activity: Intent { act=android.intent.action.MAIN cat=[android.intent.category.HOME] flg=0x10200000 cmp=com.android.launcher/com.android.launcher2.Launcher }
12-18 10:11:52.552 D/GpsLocationProvider(  114): setMinTime 0
12-18 10:11:52.592 D/GpsLocationProvider(  114): stopNavigating
12-18 10:11:52.592 W/InputManagerService(  114): Ignoring hideSoftInput of: com.android.internal.view.IInputMethodClient$Stub$Proxy@45e242d8
12-18 10:11:52.812 D/LocationMasfClient(  114): getNetworkLocation(): Returning cache location with accuracy 807.0
12-18 10:11:52.942 I/stats   ( 1032): post_position gid=233001&pid=234011&lat=37314160&lng=-121917024&numPlayer=0&dbm=-82&ecio=-60&t1=1324231912608&t2=1324231912610&t3=1324231912931&t4=1324231912948
12-18 10:11:53.842 W/LocationMasfClient(  114): uploadCollectionReport(): no ReplyElement
12-18 10:11:55.192 D/dalvikvm(  197): GC_EXTERNAL_ALLOC freed 4369 objects / 231328 bytes in 102ms
12-18 10:11:57.632 I/ActivityManager(  114): Starting activity: Intent { act=android.intent.action.MAIN cat=[android.intent.category.LAUNCHER] flg=0x10200000 cmp=com.xtralogic.android.logcollector/.SendLogActivity }
12-18 10:11:57.652 I/ActivityManager(  114): Start proc com.xtralogic.android.logcollector for activity com.xtralogic.android.logcollector/.SendLogActivity: pid=11232 uid=10082 gids={1007, 1015}
12-18 10:11:58.282 I/ActivityManager(  114): Displayed activity com.xtralogic.android.logcollector/.SendLogActivity: 634 ms (total 634 ms)
12-18 10:11:59.302 I/global  (11232): Default buffer size used in BufferedReader constructor. It would be better to be explicit if an 8k-char buffer is required.
12-18 10:11:59.612 D/dalvikvm(11232): GC_FOR_MALLOC freed 1674 objects / 244656 bytes in 159ms
12-18 10:11:59.882 D/dalvikvm(11232): GC_FOR_MALLOC freed 1271 objects / 379056 bytes in 117ms
12-18 10:11:59.892 I/dalvikvm-heap(11232): Grow heap (frag case) to 4.029MB for 241940-byte allocation
12-18 10:12:00.062 D/dalvikvm(11232): GC_FOR_MALLOC freed 0 objects / 0 bytes in 165ms
12-18 10:12:00.222 D/dalvikvm(11232): GC_FOR_MALLOC freed 753 objects / 263432 bytes in 139ms
12-18 10:12:00.262 I/dalvikvm-heap(11232): Grow heap (frag case) to 4.221MB for 362906-byte allocation
12-18 10:12:00.352 D/dalvikvm(11232): GC_FOR_MALLOC freed 0 objects / 0 bytes in 90ms
12-18 10:12:00.382 I/ActivityManager(  114): Starting activity: Intent { act=android.intent.action.CHOOSER cmp=android/com.android.internal.app.ChooserActivity (has extras) }
12-18 10:12:00.722 D/dalvikvm(11232): GC_FOR_MALLOC freed 4082 objects / 547424 bytes in 85ms
12-18 10:12:00.822 D/dalvikvm(11232): GC_EXTERNAL_ALLOC freed 358 objects / 30824 bytes in 73ms
12-18 10:12:01.142 I/ActivityManager(  114): Displayed activity android/com.android.internal.app.ChooserActivity: 750 ms (total 750 ms)
12-18 10:12:03.222 D/dalvikvm(  191): GC_FOR_MALLOC freed 9033 objects / 524568 bytes in 217ms
12-18 10:12:04.392 I/ActivityManager(  114): Starting activity: Intent { act=android.intent.action.SEND typ=text/plain flg=0x3000000 cmp=com.google.android.gm/.ComposeActivityGmail (has extras) }
12-18 10:12:04.452 I/ActivityManager(  114): Starting activity: Intent { act=android.intent.action.SEND typ=text/plain flg=0x2000000 cmp=com.google.android.gm/.ComposeActivity (has extras) }
12-18 10:12:04.712 D/dalvikvm(  455): GC_FOR_MALLOC freed 1063 objects / 458160 bytes in 108ms
12-18 10:12:04.862 D/dalvikvm(  455): GC_FOR_MALLOC freed 236 objects / 10168 bytes in 117ms
12-18 10:12:04.962 D/GoogleLoginService(  227): onBind: Intent { act=android.accounts.AccountAuthenticator cmp=com.google.android.gsf/.loginservice.GoogleLoginService }
12-18 10:12:05.372 D/dalvikvm(  455): GC_FOR_MALLOC freed 1239 objects / 337384 bytes in 92ms
12-18 10:12:05.732 D/dalvikvm(  455): GC_FOR_MALLOC freed 1236 objects / 281712 bytes in 92ms
12-18 10:12:06.132 I/ActivityManager(  114): Displayed activity com.google.android.gm/.ComposeActivity: 1667 ms (total 1721 ms)
12-18 10:12:08.766 W/AudioFlinger(   71): write blocked for 232 msecs, 11 delayed writes, thread 0xba28
12-18 10:12:15.592 D/dalvikvm(  455): GC_FOR_MALLOC freed 4487 objects / 423360 bytes in 95ms
12-18 10:12:15.822 D/dalvikvm(  455): GC_FOR_MALLOC freed 303 objects / 426944 bytes in 92ms
12-18 10:12:15.872 V/EmptyService(  455): onCreate()
12-18 10:12:15.962 W/IInputConnectionWrapper(  455): showStatusIcon on inactive InputConnection
12-18 10:12:16.362 D/Gmail   (  455): MailProvider.insert(): added local message 5502
12-18 10:12:16.442 I/Gmail   (  455): MainSyncRequestProto: lowestBkwdConvoId: 0, highestHandledServerOp: 1862303, normalSync: true
12-18 10:12:16.572 D/dalvikvm(  455): GC_FOR_MALLOC freed 2394 objects / 842648 bytes in 95ms
12-18 10:12:16.672 D/dalvikvm(  455): GC_FOR_MALLOC freed 435 objects / 167512 bytes in 93ms
12-18 10:12:18.632 D/dalvikvm(  455): GC_FOR_MALLOC freed 2047 objects / 1321784 bytes in 268ms
12-18 10:12:21.842 D/dalvikvm(  455): GC_FOR_MALLOC freed 2801 objects / 313120 bytes in 199ms
12-18 10:12:21.852 D/NativeCrypto(  455): Freeing OpenSSL session
12-18 10:12:22.142 D/dalvikvm(  455): GC_FOR_MALLOC freed 1139 objects / 473832 bytes in 176ms
12-18 10:12:22.172 D/Gmail   (  455): Inserting message 1388557814459230071. synced=true
12-18 10:12:22.752 D/dalvikvm(  455): GC_EXPLICIT freed 10334 objects / 1061544 bytes in 107ms
12-18 10:12:22.762 I/Gmail   (  455): MainSyncRequestProto: lowestBkwdConvoId: 0, highestHandledServerOp: 1862397, normalSync: true
12-18 10:12:24.302 W/Gmail   (  455): Server sent rational DURATION but we calculated LABEL with messageId 0
12-18 10:12:24.452 W/Gmail   (  455): Server sent rational DURATION but we calculated LABEL with messageId 0
12-18 10:12:25.202 D/dalvikvm(  455): GC_FOR_MALLOC freed 5609 objects / 221496 bytes in 195ms
12-18 10:12:25.242 D/Gmail   (  455): Updating message 1388557814459230071. synced=true
12-18 10:12:25.532 D/dalvikvm(  455): GC_EXPLICIT freed 2481 objects / 1020768 bytes in 105ms
12-18 10:12:25.542 I/Gmail   (  455): MainSyncRequestProto: lowestBkwdConvoId: 0, highestHandledServerOp: 1862414, normalSync: true
12-18 10:12:25.622 I/Gmail   (  455): Sending notification intent: Intent { act=android.intent.action.PROVIDER_CHANGED dat=content://gmail-ls/unread/^i (has extras) }
12-18 10:12:25.762 I/Gmail   (  455): Sending notification intent: Intent { act=android.intent.action.PROVIDER_CHANGED dat=content://gmail-ls/unread/^iim (has extras) }
12-18 10:12:25.962 D/dalvikvm(  114): GC_FOR_MALLOC freed 23230 objects / 1259816 bytes in 181ms
12-18 10:12:26.062 I/AudioService(  114):  AudioFocus  requestAudioFocus() from android.media.AudioManager@45c667b0
12-18 10:12:26.062 D/MediaPlayer(  114): ******* START *******
12-18 10:12:26.082 D/NativeCrypto(  114): Freeing OpenSSL session
12-18 10:12:26.382 W/AudioFlinger(   71): write blocked for 235 msecs, 12 delayed writes, thread 0xba28
12-18 10:12:26.402 I/Gmail   (  455): MainSyncRequestProto: lowestBkwdConvoId: 0, highestHandledServerOp: 1862414, normalSync: true
12-18 10:12:27.322 D/dalvikvm(  455): GC_FOR_MALLOC freed 17503 objects / 627736 bytes in 138ms
12-18 10:12:27.662 D/dalvikvm(  455): GC_EXPLICIT freed 2710 objects / 103240 bytes in 155ms
12-18 10:12:27.672 I/Gmail   (  455): MainSyncRequestProto: lowestBkwdConvoId: 0, highestHandledServerOp: 1862430, normalSync: true
12-18 10:12:27.772 I/Gmail   (  455): Sending notification intent: Intent { act=android.intent.action.PROVIDER_CHANGED dat=content://gmail-ls/unread/^i (has extras) }
12-18 10:12:27.842 I/AudioService(  114):  AudioFocus  abandonAudioFocus() from android.media.AudioManager@45c667b0
12-18 10:12:27.852 I/Gmail   (  455): Sending notification intent: Intent { act=android.intent.action.PROVIDER_CHANGED dat=content://gmail-ls/unread/^iim (has extras) }
12-18 10:12:37.282 D/WifiService(  114): acquireWifiLockLocked: WifiLock{NetworkLocationLocator type=2 binder=android.os.BinderProxy@45d5e8e0}
12-18 10:12:37.402 D/WifiService(  114): releaseWifiLockLocked: WifiLock{NetworkLocationLocator type=2 binder=android.os.BinderProxy@45d5e8e0}
12-18 10:12:37.642 D/dalvikvm(  521): GC_FOR_MALLOC freed 4437 objects / 531440 bytes in 196ms
12-18 10:12:46.312 I/Gmail   (  455): MainSyncRequestProto: lowestBkwdConvoId: 0, highestHandledServerOp: 1862430, normalSync: true
12-18 10:12:47.652 D/dalvikvm(  455): GC_EXPLICIT freed 3402 objects / 165424 bytes in 209ms
12-18 10:12:47.672 I/Gmail   (  455): MainSyncRequestProto: lowestBkwdConvoId: 0, highestHandledServerOp: 1862452, normalSync: true
12-18 10:12:53.382 D/GpsLocationProvider(  114): Releasing wakelock
12-18 10:13:19.301 I/power   (  114): *** set_screen_state 0
12-18 10:13:19.388 W/IInputConnectionWrapper(  197): getExtractedText on inactive InputConnection
12-18 10:13:19.388 W/IInputConnectionWrapper(  197): getExtractedText on inactive InputConnection
12-18 10:13:24.388 D/LockScreen(  114): Updating Lock Screen text to Ruim
12-18 10:13:24.468 D/LockScreen(  114): Updating Lock Screen text to Ruim
12-18 10:13:24.468 D/StatusBar(  114): DISABLE_EXPAND: yes
12-18 10:13:24.558 D/GoogleLoginService(  227): onBind: Intent { act=android.accounts.AccountAuthenticator cmp=com.google.android.gsf/.loginservice.GoogleLoginService }
12-18 10:13:24.708 D/skia    (  114): purging 192K from font cache [18 entries]
12-18 10:13:29.798 D/dalvikvm(  724): GC_EXPLICIT freed 892 objects / 47672 bytes in 182ms
12-18 10:13:30.798 D/dalvikvm(  187): GC_FOR_MALLOC freed 12957 objects / 514808 bytes in 165ms
12-18 10:13:34.798 D/dalvikvm( 1032): GC_EXPLICIT freed 2959 objects / 190648 bytes in 186ms
12-18 10:13:37.308 D/WifiService(  114): acquireWifiLockLocked: WifiLock{NetworkLocationLocator type=2 binder=android.os.BinderProxy@45d5e8e0}
12-18 10:13:37.398 D/WifiService(  114): releaseWifiLockLocked: WifiLock{NetworkLocationLocator type=2 binder=android.os.BinderProxy@45d5e8e0}
12-18 10:13:42.478 D/dalvikvm(  301): GC_EXPLICIT freed 158 objects / 6536 bytes in 159ms
12-18 10:13:47.548 D/dalvikvm(  455): GC_EXPLICIT freed 2598 objects / 98784 bytes in 231ms
12-18 10:13:52.478 D/dalvikvm(  199): GC_EXPLICIT freed 486 objects / 20176 bytes in 160ms
12-18 10:13:57.498 D/dalvikvm(  414): GC_EXPLICIT freed 312 objects / 17064 bytes in 174ms
12-18 10:14:05.328 D/dalvikvm( 3515): GC_EXPLICIT freed 6092 objects / 301848 bytes in 188ms
12-18 10:14:10.338 D/dalvikvm(  227): GC_EXPLICIT freed 2040 objects / 108568 bytes in 194ms
12-18 10:14:15.338 D/dalvikvm(  521): GC_EXPLICIT freed 3455 objects / 421344 bytes in 196ms
12-18 10:14:37.328 D/WifiService(  114): acquireWifiLockLocked: WifiLock{NetworkLocationLocator type=2 binder=android.os.BinderProxy@45d5e8e0}
12-18 10:14:37.418 D/WifiService(  114): releaseWifiLockLocked: WifiLock{NetworkLocationLocator type=2 binder=android.os.BinderProxy@45d5e8e0}
12-18 10:15:37.358 D/WifiService(  114): acquireWifiLockLocked: WifiLock{NetworkLocationLocator type=2 binder=android.os.BinderProxy@45d5e8e0}
12-18 10:15:37.438 D/WifiService(  114): releaseWifiLockLocked: WifiLock{NetworkLocationLocator type=2 binder=android.os.BinderProxy@45d5e8e0}
12-18 10:15:37.778 D/dalvikvm(  521): GC_FOR_MALLOC freed 3916 objects / 510760 bytes in 187ms
12-18 10:15:42.658 D/dalvikvm( 3515): GC_EXPLICIT freed 752 objects / 30280 bytes in 180ms
12-18 10:15:47.698 D/dalvikvm(  227): GC_EXPLICIT freed 1596 objects / 76232 bytes in 219ms
12-18 10:15:52.678 D/dalvikvm(  521): GC_EXPLICIT freed 1066 objects / 88464 bytes in 192ms
12-18 10:16:37.378 D/WifiService(  114): acquireWifiLockLocked: WifiLock{NetworkLocationLocator type=2 binder=android.os.BinderProxy@45d5e8e0}
12-18 10:16:37.478 D/WifiService(  114): releaseWifiLockLocked: WifiLock{NetworkLocationLocator type=2 binder=android.os.BinderProxy@45d5e8e0}
12-18 10:17:27.528 I/dun_service(  268): The value returned from dun_getusbmodemstate_fromsys is 1 
12-18 10:17:27.528 I/dun_service(  268): Post event 1
12-18 10:17:27.528 I/dun_service(  268): received event: DUN_EVENT_USB_UNPLUG 
12-18 10:17:27.528 E/dun_service(  268): LG_DATA: Dun Reply Functions [DUN_STATE_USB_UNPLUG --> DUN_STATE_USB_UNPLUG][52]
12-18 10:17:27.528 I/StorageNotification(  114): UMS connection changed to false (media state mounted)
12-18 10:17:27.658 I/dun_service(  268): The value returned from dun_getusbmodemstate_fromsys is 1 
12-18 10:17:27.658 I/dun_service(  268): Post event 1
12-18 10:17:27.658 I/dun_service(  268): received event: DUN_EVENT_USB_UNPLUG 
12-18 10:17:27.658 E/dun_service(  268): LG_DATA: Dun Reply Functions [DUN_STATE_USB_UNPLUG --> DUN_STATE_USB_UNPLUG][52]
12-18 10:17:27.658 W/Vold    (   65): Ignoring unknown switch 'msm_hsusb_peripheral'
12-18 10:17:28.669 I/dun_service(  268): The value returned from dun_getusbmodemstate_fromsys is 1 
12-18 10:17:28.669 I/dun_service(  268): Post event 1
12-18 10:17:28.669 I/dun_service(  268): received event: DUN_EVENT_USB_UNPLUG 
12-18 10:17:28.808 E/dun_service(  268): LG_DATA: Dun Reply Functions [DUN_STATE_USB_UNPLUG --> DUN_STATE_USB_UNPLUG][52]
12-18 10:17:37.546 D/WifiService(  114): acquireWifiLockLocked: WifiLock{NetworkLocationLocator type=2 binder=android.os.BinderProxy@45d5e8e0}
12-18 10:17:37.646 D/WifiService(  114): releaseWifiLockLocked: WifiLock{NetworkLocationLocator type=2 binder=android.os.BinderProxy@45d5e8e0}
12-18 10:17:37.996 D/dalvikvm(  521): GC_FOR_MALLOC freed 3056 objects / 470832 bytes in 209ms
12-18 10:18:37.626 D/WifiService(  114): acquireWifiLockLocked: WifiLock{NetworkLocationLocator type=2 binder=android.os.BinderProxy@45d5e8e0}
12-18 10:18:37.706 D/WifiService(  114): releaseWifiLockLocked: WifiLock{NetworkLocationLocator type=2 binder=android.os.BinderProxy@45d5e8e0}
12-18 10:19:06.666 I/EventLogService(  227): Aggregate from 1324230546200 (log), 1324230546200 (data)
12-18 10:19:37.656 D/WifiService(  114): acquireWifiLockLocked: WifiLock{NetworkLocationLocator type=2 binder=android.os.BinderProxy@45d5e8e0}
12-18 10:19:37.786 D/WifiService(  114): releaseWifiLockLocked: WifiLock{NetworkLocationLocator type=2 binder=android.os.BinderProxy@45d5e8e0}
12-18 10:20:37.676 D/WifiService(  114): acquireWifiLockLocked: WifiLock{NetworkLocationLocator type=2 binder=android.os.BinderProxy@45d5e8e0}
12-18 10:20:37.736 D/WifiService(  114): releaseWifiLockLocked: WifiLock{NetworkLocationLocator type=2 binder=android.os.BinderProxy@45d5e8e0}
12-18 10:20:38.096 D/dalvikvm(  521): GC_FOR_MALLOC freed 4287 objects / 538136 bytes in 281ms
12-18 10:21:37.686 D/WifiService(  114): acquireWifiLockLocked: WifiLock{NetworkLocationLocator type=2 binder=android.os.BinderProxy@45d5e8e0}
12-18 10:21:37.736 D/WifiService(  114): releaseWifiLockLocked: WifiLock{NetworkLocationLocator type=2 binder=android.os.BinderProxy@45d5e8e0}
12-18 10:22:37.706 D/WifiService(  114): acquireWifiLockLocked: WifiLock{NetworkLocationLocator type=2 binder=android.os.BinderProxy@45d5e8e0}
12-18 10:22:37.766 D/WifiService(  114): releaseWifiLockLocked: WifiLock{NetworkLocationLocator type=2 binder=android.os.BinderProxy@45d5e8e0}
12-18 10:23:31.846 I/Gmail   (  455): MainSyncRequestProto: lowestBkwdConvoId: 0, highestHandledServerOp: 1862452, normalSync: true
12-18 10:23:35.006 D/dalvikvm(  455): GC_EXPLICIT freed 5757 objects / 301616 bytes in 225ms
12-18 10:23:35.016 D/NativeCrypto(  455): Freeing OpenSSL session
12-18 10:23:35.036 I/Gmail   (  455): MainSyncRequestProto: lowestBkwdConvoId: 0, highestHandledServerOp: 1862478, normalSync: true
12-18 10:23:36.976 D/dalvikvm(  486): GC_EXPLICIT freed 494 objects / 23488 bytes in 171ms
12-18 10:23:37.726 D/WifiService(  114): acquireWifiLockLocked: WifiLock{NetworkLocationLocator type=2 binder=android.os.BinderProxy@45d5e8e0}
12-18 10:23:37.806 D/WifiService(  114): releaseWifiLockLocked: WifiLock{NetworkLocationLocator type=2 binder=android.os.BinderProxy@45d5e8e0}
12-18 10:23:38.016 D/dalvikvm(  521): GC_FOR_MALLOC freed 3887 objects / 580192 bytes in 210ms
12-18 10:23:41.016 D/dalvikvm(  455): GC_FOR_MALLOC freed 2805 objects / 660912 bytes in 202ms
12-18 10:23:41.296 D/dalvikvm(  455): GC_FOR_MALLOC freed 346 objects / 601720 bytes in 235ms
12-18 10:23:41.406 D/dalvikvm(  455): GC_FOR_MALLOC freed 99 objects / 606304 bytes in 91ms
12-18 10:23:41.516 D/dalvikvm(  455): GC_FOR_MALLOC freed 95 objects / 682328 bytes in 91ms
12-18 10:23:41.626 D/dalvikvm(  455): GC_FOR_MALLOC freed 46 objects / 467072 bytes in 91ms
12-18 10:23:41.736 D/dalvikvm(  455): GC_FOR_MALLOC freed 74 objects / 711440 bytes in 92ms
12-18 10:23:41.856 D/dalvikvm(  455): GC_FOR_MALLOC freed 81 objects / 933608 bytes in 91ms
